ok 0002_Nw0wzRAwBtV7J2vOODEW9w
ok 0003_FatLQx5eVlo_WOMd76rS3Q
ok 0000_R1V_xbFQcAraYB0SizjoKg
ok 0001_IN1sUr4j3uz9v1itgBUFnw
ok 0004_wFPrl4a0ckGoo-VyUnZdpQ
ok 0005_g4aYrWKCWLH1osvGcky74Q
ok 0006_B0aw3C8GMFfFeB1kEjv_Cw
ok 0013_YlRwTiiRfJE7HucHgBvFGA
ok 0009_u-aX4645_W9nis74V86ijg
ok 0008_FV6kEpBjSHy-YMOJg7Eveg
ok 0010_8ZkOkK8xMedV35ZDln-3VQ
ok 0007_-yw5XC5qswUzo7gXWu1kMQ
ok 0012_qDmKeAIgcwIz6RMfibsGJg
ok 0011_sTOdjI8cYlB4ulDi2FDGBA
ok 0014_aB5NIgdXb127OQcOMdiAog
ok 0015_YGDEuQsX5eTmADuwUWyCSg
ok 0016_TOhhtg3749KqhPyzoC-vKQ
ok 0017_1xyHfwoYlwPW3k88hs3G3Q
ok 0018_a6_SwSPyRBYlcveEA2llFA
ok 0025_9OEmG5yb8DFpqfkg2Oo8xw
ok 0021_Am5qItmb8e0_74uXfP7c9Q
ok 0019_qVmdqYmDt6nnBohsrUKC4Q
ok 0020_FZK_W5VIhAhWucqwaC91bQ
ok 0024_z21mi6Huqy1wWfrpV6ds6A
ok 0027_iO8njvDfaiKXfHs_aNNdLw
ok 0023_rgAk-HMVi6SGg4VOPlexug
ok 0022_FEUxnfoHnySD-IbHrGdm3w
ok 0026_Q-FrMZptK2YAK7mpPBSEdg
ok 0028_O5GcEvHbwy3G8NqHq1G2Yw
ok 0030_qfUTJqinzDJFPQA5p_GX-w
ok 0029_r6QZu84bHlE_J8cjVNfoqQ
ok 0033_dVnMtmT9GLXoo2jOevOVJw
ok 0032_uKKhNplIJG8suuo_fUT3Jg
ok 0037_QK7EiY0z2-0i0gUeu6AXxQ
ok 0031_EMx8XJ54VZd4Qzr4nZgvGQ
ok 0041_W2uemA0TOr54OE8x-M6LHg
ok 0036_uRVsUsXUrDvf3SIzAIYZ-Q
ok 0034_Yewnpf5P1Zmu6YJtxY3AEg
ok 0040_B8tADYvQnB3LV0TeEetQ0g
ok 0039_5Bcu3NnfMy7yExvn1l1Eug
ok 0038_rrSgGOcsu4wAfyY09Jac6Q
ok 0035_EdSK6tlzJnX166q31miyrQ
ok 0042_7PwHG2wu2dcc_15YWaQyYw
ok 0044_IGTeNdakbfpLvsOtlpefBw
ok 0043_U_6Zu18HVPXA5LkvnQ-txA
ok 0046_jglX18WgqqXDZm5IqAJsYQ
ok 0048_kAiHm1fcGZpR4x_4GZ_cLA
ok 0047_kJWnIJrnEcsXexIgQfK14w
ok 0050_tN_DhUMVLeypkDXvkcRiAg
ok 0045_hy5ypBGSgF0RgxqIc_8aPw
ok 0053_64mC-E_xQMq6oCKAg6uoog
ok 0052_booC5VqSeoACEzcYthFO8Q
ok 0055_H9e8uCx5WuWd9XgSJDiOyg
ok 0049_d6lEhyVc2vquK2jZXfGndg
ok 0051_bjrbIw6lIjMf48WOO5jCXg
ok 0054_8rsWukTNJEsiUht9skWKNQ
ok 0056_pXrTpIsyxuA6PEn2Lx_utA
ok 0057_oG5atDSXA7i2KaEiVihYPA
ok 0059_FmLBYwhaLEg4ZJ8aGTvAlA
ok 0060_WZa2u0Sb0hvL7z9_rvvRgg
ok 0058_hT0fX4w7ygQZD8IHgFdjaA
ok 0061_ip59XdIoRz9eOsyXuBqSJQ
ok 0064_c4uyWPOGlrbz98VHk3uYmw
ok 0062_H7SoFFgjBNc4p_WHsrP_VQ
ok 0063_Ch7whVBYZXlrAOUuhO3ZTw
ok 0069_SBfIofH1b10_n-V6Uc_-mg
ok 0067_eUVtKi9S3wj6oXUZMpG0qA
ok 0066_NVV8juDlw64DTnC6M8msiQ
ok 0065_dLD3PpdKEc2Wh6cxB13ubQ
ok 0068_WDGn1yMN6kLFeUvfC5ib9A
ok 0070_Cd5sLpsyaY4rcaj0ifOlUw
ok 0071_wC8SxExysLc02sTuVhioSg
ok 0072_KREJSr94nFSYeobPH9cTug
ok 0073_2rDEEvwIInw1aJCRofKC8Q
ok 0074_L9GYUYt-DHt_pbO1MIkCoA
ok 0075_MhoDXDcDucPI8jifpnaHGw
ok 0076_phvhQs4Q7k0Krjv84WKB1Q
ok 0080_Vu4r9ufWEGB1TmUv34FJiw
ok 0077_5Sv3cB22RyFtsqzpACsMWQ
ok 0079_Y97wy0inTF8kxZb1epvMag
ok 0078_5wWlbTdEc1rHcIWJFMTeSg
ok 0083_BWBHB35JLvwYfqQ0wYe2_w
ok 0081_xb6knaIb4REgaBo-rjBM0g
ok 0082_YVLPl4eQY8Fh19-jzX_VNg
ok 0084_U7IuU3-NswS_-JoElpn25g
ok 0085_4h1FBQrdrp6XJzjXKgDiuQ
ok 0086_zK9m1uoOn8lgPBpdaGmeew
ok 0087_L6zwmPvtn0WjOJ1AlVATPA
ok 0088_LCMx439b8gXtYnt2h2g9zQ
ok 0089_C4OvdfxUzE4uNtkXobwPOQ
ok 0090_798cxyrgx_ZVgK9wLwK9fA
ok 0092_jJHETFlWKXTDPald9E5mNg
ok 0094_-OdXcrNjewyETjxp_etomQ
ok 0091_gUASh8SrTYnwAROxmP7LCg
ok 0093_6u0EwSy3Hdr4tRrfRqwB2Q
ok 0095_KIva2AoYvoz0z0EfAdVC0g
ok 0096_i9-cPGO0ox4ra1CFAWlAIA
ok 0097_r4Uy0XTjxrxGRhLPIbORug
ok 0099_0vkuIf02T5TSyxm6Ztx0Wg
ok 0098_IAhc_vfHzrc_-12bn0WwUA
ok 0101_fuVKVj7SVOm_T1wxU_FldQ
ok 0100_3i_cQ0FNp4t_C4wTaqmgHw
ok 0103_jDuSENHJDibTHRoaQuuw3Q
ok 0102_Fqwgeb4FR5GQDysUpJIwaQ
ok 0104_h0q46P4nKYdGm2AQB_BEJw
ok 0105_l99iQVGprhpvZXYnFsGubw
ok 0108_8EJ6P5gqA8bAF6prBSCJbQ
ok 0107_Fx52NKtVbhyYJLQqm0nEuA
ok 0109_UlEXksJADqN_DTPDj6BGLQ
ok 0106_h5FbC9zqtTi-auCGfKJNXA
ok 0110_xX4VyrnTwdcY5ZVuWG86cg
ok 0111_IZcHG7Yp6TrAkJYK9ui8nw
ok 0116_dfR64u9Lf4VCfdWfCDqv8w
ok 0117_i5ivGHdm4jfrJAXyugQoXg
ok 0113_OSTxPNlSguNd1g7s_z2zWQ
ok 0112_PsxyH04kLf9p-WtL7cxWlg
ok 0115_DKP21IMlbu8fMP_2Upu7Ng
ok 0114_RA6YfjwVlWHgfnZ5xVFRQA
ok 0118_ZzSupAfK_3XRTrvQ1_-w3w
ok 0121_8cDahYkfJNW0FP0PByjkVw
ok 0123_2oFOnaxEzSp2L6S73RX-Qw
ok 0119_4z-AH_DZGrKIjggoL_37mQ
ok 0122_wDdnjE_YzjFyRV1-rK7abw
ok 0120_mzt4JvcpgJpqkScU0WAq0w
ok 0124_3BckAWy-oM4SZZqftZ65DA
ok 0125_22rnvNl102ryteamWiIW6Q
ok 0126_mM_w5N0QVdfNylgdjOhMDg
ok 0134_iFE30492VnBlRYyYwYn95Q
ok 0127_dmyh2MJ6aT68iNPl6bPTjQ
ok 0128_eZ1TMU4VfbCznLq2Vny5BA
ok 0129_40Q9h2RTxzKcehIBvaUXCw
ok 0131_M0EKho36o--UE2l1R81q8g
ok 0130_RfgiBqg8IoFslRm0eWKmKg
ok 0135_h_BqAutAWDcLrJNCZoPXWw
ok 0132_2indaLw5Q6jE-QEXXNajYw
ok 0136_WmzI4RnqgkwnQX4cm45PFg
ok 0137_i1pOFO0aUSeEZPP3zFDikQ
ok 0133_C6fJRdVoz0-yZDgMStvDOQ
ok 0138_PwGZpBzzxyIAQInRhzAW4A
ok 0140_utQEA2RrrwuwerRxpAd9QQ
ok 0139_2mscz3tB_Bq3doVNq6y-ig
ok 0142_Flzp8UYXcS854BnRTr7SPA
ok 0141_dtP7ZhLK6oD3Q1HPaHTpxA
ok 0143_jWTvn1K1HSR1mrVav9q_yw
ok 0144_ixwo-sacnXsijnXLIniKBQ
ok 0145_cDY_jWMXpdtLSNmT6eKwcw
ok 0146_9OjNT14Pm4lVl-rV_EBX6Q
ok 0147_rNufuaGwWNKixxKw8cT16g
ok 0148_WBL3yNmgD8G5NwEsbV84FQ
ok 0155_3Y6-ZxqkmAI4IxbChXoJzw
ok 0153_YR_LSJ8r8DlfrfCW4dvZig
ok 0156_VFNpZmfWVP7OT1c9p0ls9Q
ok 0157_chP93dbrtP78o6_UzNOCwA
ok 0149_-oxW4dJik7rOmANeSWmqEA
ok 0152_NrsWofiKdXRwzGFchqPncg
ok 0154_IQvhb5nNkElCWgxaRR0WQA
ok 0151_pvU30FTAR--MjzhOvSp6YA
ok 0150_l6lEOfis7I66UCjzrNYMHw
ok 0158__60W5CX901qVJ3J-gHUVgA
ok 0159_7Rcub2doRi02WrZdExnB8Q
ok 0160_dQsoOW7hnEtvu9_hfkkZ3A
ok 0161_twnwqZV8821N04XryLWZAw
ok 0162_auALtYlrzGzDLryIToFocA
ok 0163_Y32e54o-W4S0j-Jh-XgirA
ok 0164_HXRDQ1NCHGPTXpx7cx9Pzw
ok 0165_Ik4pfd-RmAGaY4jjRgvMrA
ok 0167_zIlz8kCMz_Fg6TOPxAtsug
ok 0166_eagykOFQqBAnvFuCavDsZA
ok 0168_2QNcK7MW9Xg8i7dE_f0W5Q
ok 0171_2eYfuGnUnlC3bHsD4Z6SBA
ok 0170_lfLfwyuMySmSwUl8GTGOQA
ok 0169__w6RAVfIltR7y4Nbwxm0hg
ok 0172_NM8q_XywuAj3eNGWLD8nxw
ok 0173_8seRLCEOT43hBdDXF3YOpQ
ok 0174_gH43pogDtf22wO3RR_pY4A
ok 0175_Ujcka9E0fyfYIHZieWjm8w
ok 0176_PW5NkTq6MSn8GD2uHaYHTQ
ok 0177_E2A-WdeySIZtfNBH0OUxqA
ok 0178_7R8rNiEg7VQ568YysYaNOg
ok 0179_B1Tjs8xnXjy3Aul7OCsJ8A
ok 0181_k9Krw2JJCbpMbXXcdNWBcQ
ok 0182_e6ao781jTAb95FSkNgJLMA
ok 0180_fzl3PcsyivbaVsSa4r_FrQ
ok 0186_wwE76x-ELesAmqaGYThhcg
ok 0183_tzksr0N3KXBrwgBk0a9ubw
ok 0184__zWvO4U3yEIwrI_5py79Ig
ok 0187_KHunUL2AZ6jRqLeNst15fg
ok 0185_buikqPo8dP47Mr1FHzhARw
ok 0188_jqwZnyogeWs8LjmcBPXgnw
ok 0189_QXFSa7gGQVuNUPPNjkgpnA
ok 0190_HiE6lcVYHKRd-vl5NjLOHA
ok 0191_9ekEH1sa8xBe4Cn4UfCj1Q
ok 0192_WeAVNpu3qVHvRFu_FHL9YA
ok 0193_yhqhB5e0QnRk3mEhTBsvUg
ok 0195_CbaQQoNUDixq4AlqEgtYcQ
ok 0194_b1xA732j1-rzLQh4rJvscA
ok 0196_YHCNAxGudlfkLZ1N3E54rg
ok 0197_G_gqqo0XZrulLMMDRUW1lw
ok 0198__0Rmxh0u7XFWki-QmKffQw
ok 0200_mM1yeNMGeBkgdDP2rVcrRA
ok 0199_Z_TkSbO-_UGIc9KJkEHaxQ
ok 0201_5s4Z6C2ud_Hxa1xPhp1Q_A
ok 0202_QMe-pWdAmgo_tlGQkOI_Ew
ok 0203_OMpJ-03ZonGZWrA0jDhjWQ
ok 0205_2uHb9_AjSBqhyEZ0WgUcgA
ok 0204_cVschJVtQD6TiszoXcOiHw
ok 0206_7bgkqS7u4c8aYrBj4O5tzA
ok 0207_9USBqqPLaBQSHK3E9-OPFg
ok 0209_UPx6xXB9Z3RlW-vGnHNv6Q
ok 0208_lSHR8CqYHeWZHB-GZ34Jyw
ok 0210_H03_ezdYfs_OhgeoOBU_1g
ok 0211_UVTm5MOpm2qBpkssSslELw
ok 0212_Wog6wYtJhMuI6q2WPygK6g
ok 0214_M86A7mvbkQIAF5TXLgShng
ok 0213_uVJbU-i6F7IXlTKJ32EFgA
ok 0215_gn7FzW-IzWJj5OYcvWIw-w
ok 0216_EdkMg6RMA5mx6NsyJwqCRw
ok 0217_rzboLD_dAvkRKvHo8GUZKw
ok 0218_H_6WLNxCaDpN_IkY09pUag
ok 0220_hS3EEY1Icfqf6jgWJltfRQ
ok 0219_aft1xgjoZwG6clrV1mjR1g
ok 0221_m_u3CLRbb3rA9agcgegPMg
ok 0223_OMxFuPMDdXvHf1rhbI_0AQ
ok 0222_aWjHc3Dj71VZDUSZ9hFpsA
ok 0224_ymF_MWomM_Yn2w3qtUkkUw
ok 0225_m1D1QuaoXcZaCoMXR4e4Gg
ok 0226_tKxFF9RxUGk7Y0tkW3ZzxQ
ok 0227_EQmPGvi0rTyjdEhmqN-EDQ
ok 0228_nI3ow7jpOAK6T_japAzSKQ
ok 0229_1Px0oUEZ-0sR_GWCJaRq1A
ok 0230_zMrOoZyixUHYnUb_4zXDKA
ok 0231_Gf01el5qWQCaQARVSnbpcQ
ok 0232_Y42yyUcboqefr8EiTBbrMA
ok 0233_io-jsmt5RlaHJhELvR83Vw
ok 0234_QlTXRLj7gQZa8vVFxotuFw
ok 0235_lCWmxsuRTTglXj5J-1v1zA
ok 0238_G_hFTwmwWdQBO2dix9o3lQ
ok 0237_N3jOBVqnHovenOYgR7ZZXw
ok 0236_yHc7c2HbfT18c6wJENUjIA
ok 0239_VCuaCDyCebC65JhInw5E1g
ok 0240_DnDK9VMDN8R-zbxzxZoniA
ok 0241_NglUOQHpe8O_aLA1pKSKdA
ok 0242_M8at_CsjpMyHjU_UGgmz8Q
ok 0243_lIDRCQdLqe8Z3LYHdWp4pw
ok 0244_B5ZqtllPHD88y_qNr03-8g
ok 0245_31dsWQBNos2MzJ9g-xl6AA
ok 0246_g2jp4iQYiFVPuKRUDqa86g
ok 0247_qL8_NDnxnEL7T94MYVCxnA
ok 0249_P1f9YqhDkxbQg4QSR1Ka-Q
ok 0248_ylje-xGJaU_4mfpmsWvFcw
ok 0251_FtKWXYPeM6bmPYKgKUA1ng
ok 0252_J-SO8KmYxtcfyS2Vo_Bp3w
ok 0250_7q3us6dEdYrW9kObzIIcjA
ok 0253_ioNudawxAty1DLMFNjAr3A
ok 0254_t94BJQjz-UZb4IkqJ79dzw
ok 0255_SHV5RK153VllGi5K6-McKg
ok 0256_dW77nscmUKBbejPZ2yniRQ
ok 0257_9wmr2-n7KhLdDzbxhK6GMw
ok 0258_MNScqQa_L4xmW5Lr9EbRcQ
ok 0259_ghV8F-RHKYAqBpj5Wrh-nw
ok 0260_SBYRgAsf8sXXuER4pqaD1w
ok 0261_nFM-eXd5v823OGh3krpGHw
ok 0262_2TxjtzLjMP7Bvau98tIV4A
ok 0263_uJffloFnM-5BeJ-tv84u8A
ok 0264_InyLt0lJ6kMtF3G0yV22tg
ok 0268_EEdcOXLUwcwRIZnxfIn8Cw
ok 0265_YwQf43wRudPawqYuz6MIUA
ok 0266_xo_9Nl78NXC8FBqV5Yswyg
ok 0267_G_9hesjc06GxsdKRVUcVPw
ok 0269_0Ucv2eMFBNkHC6CcO4Ljvg
ok 0270_syrrKpuFRXnc7wKPEFNjIw
ok 0271_XutPvRcCCqUBsrvmJXOWKw
ok 0272_MrqtR_klyfwQ3wlatCXm0w
ok 0273_gJe-v8X5QfZYjhLmZmUUMQ
ok 0274_0efFuwYEoNZlgo_O5EU2Fg
ok 0275_pvMN1G7L1hYDujZB7wcMmg
ok 0276_owGBNEdc8LjlDXmN_8NDWQ
ok 0277_a3gW3idH-bsHC28rypVi0w
ok 0278_Znj948jMecF-XtnVnmzaIg
ok 0280_qRHtq9h1Z00vSPUZMbuOzw
ok 0279_K1og05ef0kse7wKFWcxDTw
ok 0281_DckeR1wYBJm8t26evgUn5w
ok 0282_QOTlWSGKcFCe5CbhXWidng
ok 0283_YIXQ8O9cX097RysH4p36LQ
ok 0284_xIxnm05EFYVWqL1-H9SsQA
ok 0285_vR-CoLcD-eryzdmpi09Grg
ok 0286_69jAMeaW4pRwz1u9OX_1BQ
ok 0287_vJjnnTfdGjnh9Lu0pCHxsg
ok 0288_sv2MVZH1EoKPdJE65UqONQ
ok 0289_1GZGyOeCrTAIT3f06HgKXQ
ok 0290_UdLkCUWrHd1utDWu8EbCRA
ok 0291_SKnrB-VJrXAszzhF4foYnw
ok 0292_GPQsOUA0rtcJC-FL7tEdsw
ok 0293_ePuhGhkqxQnAVQ6Sgl9_4w
ok 0296_QeylV6SforQMlqHbsXiAPg
ok 0295_N4LYOaLrtg6T1It9PNDX6Q
ok 0294_K_CkYa5_WYnvuDd2D4yabQ
ok 0297_C0ibpVhd4P5qGi7TFkNNGg
ok 0298_BTHp8I3tNxEwPvYTvSlZwA
ok 0299_T3KV5a5fcAaCeuJLk1QMwQ
ok 0300_3b3g0FNkur1_esBAOv_mIA
ok 0301_GBWt-ljKMDUIVCpmtILemQ
ok 0303_3_x4VUSCLChsLU-mevYaBw
ok 0302_7RX0YaJex1l-xvkzs8aCPA
ok 0304_fvK5EQhemSvdYAPEXTwCvg
ok 0305_lmnVRZHqx9kHy881AE7Qww
ok 0306_sqYGtvqO4RFmAzC7IXYcWQ
ok 0307_LMDm1Q2my5vHVL-jVzN1zw
ok 0308_YMZEmXx27U0isXAqJcHGFw
ok 0310_wLG5GoaQnCHfD1kYSObFuw
ok 0309_8eLESZkoQib0nVKnoe-5Ng
ok 0311_U12SP14UjYAVciPNdTom9A
ok 0312_uIo9dodnOG2p0Kyh_6t-VA
ok 0313_DnYjK1XFDmXVh23Ae3ncQA
ok 0314_wQ9cvEnF6Il2om942Ehg_Q
ok 0315_8Z-x2K55IxGGk06nGa6X_A
ok 0316_c9LmS1lj66MVbXZBb0MTUA
ok 0317_Y1cZZPEngZFwkV7jko1Wsw
ok 0318_osYOVAkEFZF5Y-ZVyleIFQ
ok 0319_E-xsoTuq-3fHYX9yaowuJA
ok 0320_QrHHiZweqZKC8hIChjtBbg
ok 0322_2gHveOrPqV3Ixn3bsQeb_g
ok 0321__neWSkS5N2AmqzAxMAkY2Q
ok 0323_AHi5lUkZ-m6UvyUZojl50A
ok 0324_6auThTBctIt0PMDeQ8LtEQ
ok 0325_R_OHipdHY6KtANt0wvA86A
ok 0327_VIBw6gxMNDyPVJi049MAGg
ok 0326_F5OrQ3svroWTstycsdY_7w
ok 0328_Njpw77eD9GnHBrxlg0kyLw
ok 0329_v58nlOMEAsNL5tJaUGtOeA
ok 0330_OC5rgI-iyu_5ZSN-lkWroA
ok 0331_Ck03m83NeUUjirz5zhO5EA
ok 0332_myf7fO2bTRuIfg8tB7Uyag
ok 0333_eQkifcUmUaQ_yxxlWGSl4Q
ok 0334_WMeWIG5jQPAOBSDrY-_psg
ok 0336_P97PaY-6CZO3k9PaTWQtnA
ok 0337_o9LsaBxK6ZnVLcbcrnu9sA
ok 0338_U7g7bMbo9KsveDlnGVQASg
ok 0335_aoPXyHK-jUAzdqDzCRf6kg
ok 0339_M8v187bYEkmQRYh7HbO6BQ
ok 0340_IaEvcNgbth2mxDgGVHe9tg
ok 0341_5Kb8wkp3jY304jcEQM6E6A
ok 0342_nO0eJ3T-YN7A11Br0bzO3Q
ok 0343_U04UoFQw7v4f0Kyrh6ycvg
ok 0344_UHEl4ScAmi3sfh6WHpDnNQ
ok 0345_57XGhUxE9Q8MpHLsHgPuNQ
ok 0346_Np4OsVvrl0xvn9cy_WtRRg
ok 0347_JYwDoYfKqkotb3A6PU3BNA
ok 0348_tg5AVJP2WQ7YKZATRdQiHQ
ok 0349_CYvzaqaR1r_LL3W3r3pRMw
ok 0350_B26xfJ4A-InFnjZ0tg83ww
ok 0351_r59-yDYm2uB_5d5GceXUiQ
ok 0352_HKFzS3F7l7yvBbnfvUCJRw
ok 0354_1nGOCgNZuoQHOGXZFZC9XA
ok 0353_EwQ2dncDWexnwEbLrNWbfA
ok 0355_9y60GOL0gkU9y72SY21a1w
ok 0356_qZ_m0Z6KPxc-DLtFE-W-CA
ok 0357_Mi1t1Vz6t4ksJYooRr88lQ
ok 0359_8rlb24nJAyO8BDiulEV7eA
ok 0358_0l8vhC-2OMOZTKNgQP8oTg
ok 0360_eXaYNpQXj8c4j12FTCMA6w
ok 0361_PJUhTLJaf5TZofv8SMZ0Rw
ok 0362_EGk2PnjXeq4u_lFaHknr2g
ok 0363_ivmJgzTg9SsjEAZuF9CA4w
ok 0365_25yWt1DWFHjJ8ufhkIVFfg
ok 0364_HDiSDtoxe-E8MScZR_Tfqw
fatto: 366 panorami, 5856 viste
